2026-05-17 00:15:43,916 - INFO - app.integrations.email - 🔑 PASSWORD RESET: to=admin@knowledgefactory.io link=http://localhost:5173/reset-password?token=eyJhbGciOiJIUzI1NiIsInR5cCI6IkpXVCJ9.eyJleHAiOjE3NzkwMDU3NDMsInN1YiI6IjIwYzdkMmM0LTRiNDYtNDBkMy05MzMyLTAxZjNhYzUwOThiYyIsImVtYWlsIjoiYWRtaW5Aa25vd2xlZGdlZmFjdG9yeS5pbyIsInJvbGUiOiJTVVBFUkFETUlOIiwidHlwZSI6InBhc3N3b3JkX3Jlc2V0In0.EPHaVlAcybPWugmYwnEmSRtmM4whuYZVcAHCE5E2Sq0
2026-05-17 00:15:43,936 - INFO - httpx - HTTP Request: POST http://test/api/auth/forgot-password "HTTP/1.1 200 OK"
2026-05-17 00:18:28,251 - INFO - app.integrations.email - 🔑 PASSWORD RESET: to=admin@knowledgefactory.io link=http://localhost:5173/reset-password?token=eyJhbGciOiJIUzI1NiIsInR5cCI6IkpXVCJ9.eyJleHAiOjE3NzkwMDU5MDgsInN1YiI6IjRiYThmODIzLTkwYzMtNDdjYi05NGJkLTQ0ZDQwMTIyOWFjMSIsImVtYWlsIjoiYWRtaW5Aa25vd2xlZGdlZmFjdG9yeS5pbyIsInJvbGUiOiJTVVBFUkFETUlOIiwidHlwZSI6InBhc3N3b3JkX3Jlc2V0In0.069ybo7M_p62XXH8VMVc8pFx25-A2Dj_A_MCY6thtBk
2026-05-17 00:18:28,252 - INFO - httpx - HTTP Request: POST http://test/api/auth/forgot-password "HTTP/1.1 200 OK"
2026-05-17 02:09:49,347 - INFO - app.integrations.email - 🔑 PASSWORD RESET: to=admin@knowledgefactory.io link=http://localhost:5173/reset-password?token=eyJhbGciOiJIUzI1NiIsInR5cCI6IkpXVCJ9.eyJleHAiOjE3NzkwMTI1ODksInN1YiI6Ijc0ZTdkOTU5LTkxMzktNDIyMy1iNDNkLTcxNDBlYmYxZjhmNiIsImVtYWlsIjoiYWRtaW5Aa25vd2xlZGdlZmFjdG9yeS5pbyIsInJvbGUiOiJTVVBFUkFETUlOIiwidHlwZSI6InBhc3N3b3JkX3Jlc2V0In0.gdGo90VBaN6DTI_O9srRwSy52Rh5W_bCXb4nMSUxH4M
2026-05-17 02:09:49,348 - INFO - httpx - HTTP Request: POST http://test/api/auth/forgot-password "HTTP/1.1 200 OK"
2026-05-17 02:14:36,854 - INFO - app.integrations.email - 🔑 PASSWORD RESET: to=admin@knowledgefactory.io link=http://localhost:5173/reset-password?token=eyJhbGciOiJIUzI1NiIsInR5cCI6IkpXVCJ9.eyJleHAiOjE3NzkwMTI4NzYsInN1YiI6IjA1ODYxYjkwLWQ3MDYtNDQyYy1iMGIwLTZlNmY3NjEyNTdkYiIsImVtYWlsIjoiYWRtaW5Aa25vd2xlZGdlZmFjdG9yeS5pbyIsInJvbGUiOiJTVVBFUkFETUlOIiwidHlwZSI6InBhc3N3b3JkX3Jlc2V0In0.DmfuXF2cIF601_u-mHByK8N6JwmLD8GmAglpaVPmw-A
2026-05-17 02:14:36,855 - INFO - httpx - HTTP Request: POST http://test/api/auth/forgot-password "HTTP/1.1 200 OK"
2026-05-17 02:15:52,441 - INFO - app.integrations.email - 🔑 PASSWORD RESET: to=admin@knowledgefactory.io link=http://localhost:5173/reset-password?token=eyJhbGciOiJIUzI1NiIsInR5cCI6IkpXVCJ9.eyJleHAiOjE3NzkwMTI5NTIsInN1YiI6ImNjODQ1OGY4LWQ4MGQtNDdjMi1hYmIwLTE5MWFjMjhhZDM3OCIsImVtYWlsIjoiYWRtaW5Aa25vd2xlZGdlZmFjdG9yeS5pbyIsInJvbGUiOiJTVVBFUkFETUlOIiwidHlwZSI6InBhc3N3b3JkX3Jlc2V0In0.v-CuF3z4uP4R1hrAGLlbFqX2G2uyPHR2yTC7lOYlrpQ
2026-05-17 02:15:52,441 - INFO - httpx - HTTP Request: POST http://test/api/auth/forgot-password "HTTP/1.1 200 OK"
2026-05-17 04:12:28,965 - INFO - app.integrations.email - 🔑 PASSWORD RESET: to=admin@knowledgefactory.io link=http://localhost:5173/reset-password?token=eyJhbGciOiJIUzI1NiIsInR5cCI6IkpXVCJ9.eyJleHAiOjE3NzkwMTk5NDgsInN1YiI6ImU3MzQ2MmViLTlmNmUtNDA1ZS1hNWQ0LWM0ZDRlNTZjMTE3OCIsImVtYWlsIjoiYWRtaW5Aa25vd2xlZGdlZmFjdG9yeS5pbyIsInJvbGUiOiJTVVBFUkFETUlOIiwidHlwZSI6InBhc3N3b3JkX3Jlc2V0In0.YjLhLZJDcTX1gkdHhHUkq_TkWnKfFXG-2ZkbkLuKuBk
2026-05-17 04:12:28,966 - INFO - httpx - HTTP Request: POST http://test/api/auth/forgot-password "HTTP/1.1 200 OK"
2026-05-17 04:13:47,684 - INFO - app.integrations.email - 🔑 PASSWORD RESET: to=admin@knowledgefactory.io link=http://localhost:5173/reset-password?token=eyJhbGciOiJIUzI1NiIsInR5cCI6IkpXVCJ9.eyJleHAiOjE3NzkwMjAwMjcsInN1YiI6ImZiZjZlN2ZjLTVkNWEtNDU2Mi1hZjkyLWQzNTE5NThiOTI2OSIsImVtYWlsIjoiYWRtaW5Aa25vd2xlZGdlZmFjdG9yeS5pbyIsInJvbGUiOiJTVVBFUkFETUlOIiwidHlwZSI6InBhc3N3b3JkX3Jlc2V0In0.CnGWmZFk42ZsUqNbU90QoeusrC2ypG1ca5DsrFzZMbo
2026-05-17 04:13:47,684 - INFO - httpx - HTTP Request: POST http://test/api/auth/forgot-password "HTTP/1.1 200 OK"
2026-05-17 04:14:37,907 - WARNING - app.features.questions.ai_service - AI generation attempt 1/3 failed (). Retrying...
2026-05-17 04:17:56,173 - INFO - app.integrations.email - 🔑 PASSWORD RESET: to=admin@knowledgefactory.io link=http://localhost:5173/reset-password?token=eyJhbGciOiJIUzI1NiIsInR5cCI6IkpXVCJ9.eyJleHAiOjE3NzkwMjAyNzYsInN1YiI6IjZhNGUyMjcyLWYzMWMtNDU4Mi04ODVmLThmNTM1NzRlZmQxYSIsImVtYWlsIjoiYWRtaW5Aa25vd2xlZGdlZmFjdG9yeS5pbyIsInJvbGUiOiJTVVBFUkFETUlOIiwidHlwZSI6InBhc3N3b3JkX3Jlc2V0In0.6BM7QpplD3b5OxRANvNh3lhhVj-c4EaxbKP2TTRQHJ8
2026-05-17 04:17:56,174 - INFO - httpx - HTTP Request: POST http://test/api/auth/forgot-password "HTTP/1.1 200 OK"
2026-05-17 06:12:40,447 - INFO - app.integrations.email - 🔑 PASSWORD RESET: to=admin@knowledgefactory.io link=http://localhost:5173/reset-password?token=eyJhbGciOiJIUzI1NiIsInR5cCI6IkpXVCJ9.eyJleHAiOjE3NzkwMjcxNjAsInN1YiI6IjZiMTBmZmVjLTgzNWItNDQzOS04ODlmLWY4ZTU0M2FmNGFmYyIsImVtYWlsIjoiYWRtaW5Aa25vd2xlZGdlZmFjdG9yeS5pbyIsInJvbGUiOiJTVVBFUkFETUlOIiwidHlwZSI6InBhc3N3b3JkX3Jlc2V0In0.13e8Y4asR7K20bEELks08P0K8PEFlPkUGl0PUR9_Xzk
2026-05-17 06:12:40,447 - INFO - httpx - HTTP Request: POST http://test/api/auth/forgot-password "HTTP/1.1 200 OK"
2026-05-17 08:11:42,526 - INFO - app.integrations.email - 🔑 PASSWORD RESET: to=admin@knowledgefactory.io link=http://localhost:5173/reset-password?token=eyJhbGciOiJIUzI1NiIsInR5cCI6IkpXVCJ9.eyJleHAiOjE3NzkwMzQzMDIsInN1YiI6IjZlMmY3NDA2LTMyOTItNDE2MC05MTIxLTQxODM0ZThhYzcyNCIsImVtYWlsIjoiYWRtaW5Aa25vd2xlZGdlZmFjdG9yeS5pbyIsInJvbGUiOiJTVVBFUkFETUlOIiwidHlwZSI6InBhc3N3b3JkX3Jlc2V0In0.FtHLx77mT7SkbKOMW6eT9k-fUYCWUfTrAZfHfGr0p0E
2026-05-17 08:11:42,527 - INFO - httpx - HTTP Request: POST http://test/api/auth/forgot-password "HTTP/1.1 200 OK"
2026-05-17 09:03:04,482 - INFO - app.integrations.email - 🔑 PASSWORD RESET: to=admin@knowledgefactory.io link=http://localhost:5173/reset-password?token=eyJhbGciOiJIUzI1NiIsInR5cCI6IkpXVCJ9.eyJleHAiOjE3NzkwMzczODQsInN1YiI6IjJmZmFlNWRkLWU3YjAtNDY5Yy1hNTM5LTU5MDg3ZDAyOTYzNiIsImVtYWlsIjoiYWRtaW5Aa25vd2xlZGdlZmFjdG9yeS5pbyIsInJvbGUiOiJTVVBFUkFETUlOIiwidHlwZSI6InBhc3N3b3JkX3Jlc2V0In0.Qp-kdI3Tq6ROmZD71Jy-QxdjvVOFUYdesTzbonxHXyQ
2026-05-17 09:03:04,484 - INFO - httpx - HTTP Request: POST http://test/api/auth/forgot-password "HTTP/1.1 200 OK"
2026-05-17 10:10:46,199 - INFO - app.integrations.email - 🔑 PASSWORD RESET: to=admin@knowledgefactory.io link=http://localhost:5173/reset-password?token=eyJhbGciOiJIUzI1NiIsInR5cCI6IkpXVCJ9.eyJleHAiOjE3NzkwNDE0NDYsInN1YiI6IjUxNDkwMGIwLTcyZjMtNGRmZC05YTcyLTJkMzg5YjJmZGVlNSIsImVtYWlsIjoiYWRtaW5Aa25vd2xlZGdlZmFjdG9yeS5pbyIsInJvbGUiOiJTVVBFUkFETUlOIiwidHlwZSI6InBhc3N3b3JkX3Jlc2V0In0.bUbgAilYsr7ufMiTIVqzSzpSgRG4brq4bm97JcF9bdY
2026-05-17 10:10:46,200 - INFO - httpx - HTTP Request: POST http://test/api/auth/forgot-password "HTTP/1.1 200 OK"
2026-05-17 10:17:38,993 - INFO - app.integrations.email - 🔑 PASSWORD RESET: to=admin@knowledgefactory.io link=http://localhost:5173/reset-password?token=eyJhbGciOiJIUzI1NiIsInR5cCI6IkpXVCJ9.eyJleHAiOjE3NzkwNDE4NTgsInN1YiI6ImJlMzQ2MzRmLWNiYTMtNGVlYy05YTYzLWMxMDk5YTNmMDdhYyIsImVtYWlsIjoiYWRtaW5Aa25vd2xlZGdlZmFjdG9yeS5pbyIsInJvbGUiOiJTVVBFUkFETUlOIiwidHlwZSI6InBhc3N3b3JkX3Jlc2V0In0._x81IwzJfJfGz_t29Zmz-i1tqecp6A7c3GHOcJckT2g
2026-05-17 10:17:38,994 - INFO - httpx - HTTP Request: POST http://test/api/auth/forgot-password "HTTP/1.1 200 OK"
